segeln
to sail
wandern
to hike
zelten
to camp
die Erdkunde
geography
die Geschichte
history
die Informatik
computer science
die Kunst
art
die Sozialkunde
social studies
die Wirtschaft
economics
der Maschinenbau
mechanical engineering
abholen
to pick up
ankommen
to arrive
anrufen
to call
aufhören
to stop doing something
aufräumen
to clean
aufstehen
to get up
ausfüllen
to fill in
ausgehen
to go out
einkaufen
to shop
einpacken
to pack up
fernsehen
to watch TV
besuchen
to visit
duschen
to shower
unterschreiben
to sign
die Prüfung
test
der Stundenplan
schedule
das Fach
academic subject
die Ferien
vacation
die Pause
break/recess
das Stipendium
scholarship
die Unterschrift
signature
der Beruf
profession
der Wohnort
residence
ledig
unmarried
verheiratet
married
früh
early
spät
late
die Tasche
bag/purse/pocket
der Brief
letter
der Fernseher
TV
der Koffer
suitcase
der Rucksack
backpack
der Schlitten
sled
der Schlafsack
sleeping bag
der Schmuck
jewelry
der Tennisschläger
tennis racket
der Wecker
alarm clock
das Faxgerät
fax machine
das Surfbrett
surfboard
der Sessel
armchair
der Teppich
carpet
die Kette
necklace
die Sonnenbrille
sunglasses
der Gürtel
belt
der Trainingsanzug
sweats
das Halstuch
scarf
die Art
kind/type
die Einladung
invitation
die Mensa
student cafeteria
die Mitbewohnerin
female roommate
die Reihenfolge
order/sequence
die Sache
thing
die Telefonzelle
telephone booth
der Gruselfilm
horror film
der Mitbewohner
male roommate
der Wald
forest/woods
das Fest
party
das Geschenk
present
das Studentenheim
dorm
das Vergnügen
pleasure
das Zelt
tent
die Verwandten
relatives
